     1                                  ;boot()
     2                                  Entry:
     3 00000000 90                              nop                                             ;
     4                                  BPB:
     5 00000001 EB57                            jmp     IPL                                     ;
     6                                          ;;;;;;;;;;;;;;;;;;;;;;;;;;;;;;;;;;;;;;;;;;;;;;;;;
     7                                          ; BPB( BIOS Parameter Block )
     8                                          ;;;;;;;;;;;;;;;;;;;;;;;;;;;;;;;;;;;;;;;;;;;;;;;;;
     9 00000003 90<rept>                        times ( 90 - ($ - $$)) db 0x90                  ; BPB領域を確保
    10                                  IPL:
    11 0000005A EBFE                            jmp     $                                       ; 繰り返す
    12                                          ;;;;;;;;;;;;;;;;;;;;;;;;;;;;;;;;;;;;;;;;;;;;;;;;;
    13                                          ; IPL( Initial Program Loader )
    14                                          ;;;;;;;;;;;;;;;;;;;;;;;;;;;;;;;;;;;;;;;;;;;;;;;;;
    15 0000005C 00<rept>                        times (510 - ($ - $$)) db 0x00                  ; IPL領域を確保
    16 000001FE 55AA                            db      0x55 , 0xAA                             ; ブートフラグを書き込み
    17                                  
    18                                  ;(関数の概要(ブートプログラムです))
    19                                  ; 1. かっこいいのでnop書いておきました
    20                                  ; 2. BPBはOSが活用するデータの集合領域ですので早速IPL（初期化プログラム）へ移動します
    21                                  ; 3. 今回はBPB領域を90バイトとし90バイト目までtimes疑似操作で0x90つまりnopで浸します
    22                                  ; 4. 何もしないブーロプログラムをつくりたいので９０バイト目のjmpをずっと繰り返します
    23                                  ; 5. ブートプログラムは５１２バイトに収めることをしたいので一先ず５１０バイト目まで0で浸します
    24                                  ; 6. 最後にブートフラグ、0x55と0xAAを書き込んでブートプログラムの完成です
